2026-08-07T00:57:43.202+05:00  INFO 1221333 --- [Lavalink] [main] lavalink.server.Launcher                 : Starting Launcher v4.2.2 using Java 26.0.2 with PID 1221333 (/home/lucifer/lavalink/Lavalink.jar started by lucifer in /home/lucifer/lavalink)
2026-08-07T00:57:43.216+05:00  INFO 1221333 --- [Lavalink] [main] lavalink.server.Launcher                 : No active profile set, falling back to 1 default profile: "default"
2026-08-07T00:57:45.466+05:00  INFO 1221333 --- [Lavalink] [main] o.s.cloud.context.scope.GenericScope     : BeanFactory id=3d6bf653-92ea-3fde-943a-10b9f8cd696e
2026-08-07T00:57:46.978+05:00  INFO 1221333 --- [Lavalink] [main] lavalink.server.Launcher                 : Started Launcher in 5.734 seconds (process running for 7.356)
2026-08-07T00:57:47.251+05:00  INFO 1221333 --- [Lavalink] [main] lavalink.server.Launcher                 : 

[32m       .  [31m _                  _ _       _    [32m__ _ _
[32m      /\\ [31m| | __ ___   ____ _| (_)_ __ | | __[32m\ \ \ \
[32m     ( ( )[31m| |/ _` \ \ / / _` | | | '_ \| |/ /[32m \ \ \ \
[32m      \\/ [31m| | (_| |\ V / (_| | | | | | |   < [32m  ) ) ) )
[32m       '  [31m|_|\__,_| \_/ \__,_|_|_|_| |_|_|\_\[32m / / / /
[0m    =========================================[32m/_/_/_/[0m

	Version:        4.2.2
	Build time:     06.03.2026 23:24:16 UTC
	Branch          HEAD
	Commit:         e8503fd
	Commit time:    06.03.2026 23:21:15 UTC
	JVM:            26.0.2
	Lavaplayer      2.2.6

2026-08-07T00:57:47.286+05:00  INFO 1221333 --- [Lavalink] [main] lavalink.server.Launcher                 : No active profile set, falling back to 1 default profile: "default"
2026-08-07T00:57:49.249+05:00  WARN 1221333 --- [Lavalink] [main] io.undertow.websockets.jsr               : UT026010: Buffer pool was not set on WebSocketDeploymentInfo, the default pool will be used
2026-08-07T00:57:49.318+05:00  INFO 1221333 --- [Lavalink] [main] io.undertow.servlet                      : Initializing Spring embedded WebApplicationContext
2026-08-07T00:57:49.319+05:00  INFO 1221333 --- [Lavalink] [main] w.s.c.ServletWebServerApplicationContext : Root WebApplicationContext: initialization completed in 1984 ms
2026-08-07T00:57:49.515+05:00  WARN 1221333 --- [Lavalink] [main] l.server.config.SentryConfiguration      : Turning off sentry
2026-08-07T00:57:49.806+05:00  INFO 1221333 --- [Lavalink] [main] c.s.d.l.tools.GarbageCollectionMonitor   : GC monitoring enabled, reporting results every 2 minutes.
2026-08-07T00:57:52.467+05:00  INFO 1221333 --- [Lavalink] [main] l.server.config.KoeConfiguration         : OS: LINUX, Arch: X86_64
2026-08-07T00:57:52.468+05:00  INFO 1221333 --- [Lavalink] [main] l.server.config.KoeConfiguration         : Enabling JDA-NAS
2026-08-07T00:57:52.480+05:00  INFO 1221333 --- [Lavalink] [main] c.s.l.c.natives.NativeLibraryLoader      : Native library udpqueue: loading with filter null
2026-08-07T00:57:52.490+05:00  INFO 1221333 --- [Lavalink] [main] c.s.l.c.natives.NativeLibraryLoader      : Native library udpqueue: successfully loaded.
2026-08-07T00:57:53.217+05:00  INFO 1221333 --- [Lavalink] [main] io.undertow                              : starting server: Undertow - 2.3.13.Final
2026-08-07T00:57:53.243+05:00  INFO 1221333 --- [Lavalink] [main] org.xnio                                 : XNIO version 3.8.8.Final
2026-08-07T00:57:53.278+05:00  INFO 1221333 --- [Lavalink] [main] org.xnio.nio                             : XNIO NIO Implementation Version 3.8.8.Final
2026-08-07T00:57:53.544+05:00  INFO 1221333 --- [Lavalink] [main] org.jboss.threads                        : JBoss Threads version 3.5.0.Final
2026-08-07T00:57:53.665+05:00  INFO 1221333 --- [Lavalink] [main] o.s.b.w.e.undertow.UndertowWebServer     : Undertow started on port 2333 (http) with context path '/'
2026-08-07T00:57:53.807+05:00  INFO 1221333 --- [Lavalink] [main] lavalink.server.Launcher                 : Started Launcher in 6.79 seconds (process running for 14.185)
2026-08-07T00:57:53.810+05:00  INFO 1221333 --- [Lavalink] [main] lavalink.server.Launcher                 : Lavalink is ready to accept connections.
2026-08-07T00:58:45.942+05:00  INFO 1221333 --- [Lavalink] [SpringApplicationShutdownHook] io.undertow                              : stopping server: Undertow - 2.3.13.Final
2026-08-07T00:58:45.990+05:00  INFO 1221333 --- [Lavalink] [SpringApplicationShutdownHook] c.s.d.l.tools.GarbageCollectionMonitor   : GC monitoring disabled.
2026-08-07T00:58:51.521+05:00  INFO 1221880 --- [Lavalink] [main] lavalink.server.Launcher                 : Starting Launcher v4.2.2 using Java 26.0.2 with PID 1221880 (/home/lucifer/lavalink/Lavalink.jar started by lucifer in /home/lucifer/lavalink)
2026-08-07T00:58:51.539+05:00  INFO 1221880 --- [Lavalink] [main] lavalink.server.Launcher                 : No active profile set, falling back to 1 default profile: "default"
2026-08-07T00:58:53.699+05:00  INFO 1221880 --- [Lavalink] [main] o.s.cloud.context.scope.GenericScope     : BeanFactory id=3d6bf653-92ea-3fde-943a-10b9f8cd696e
2026-08-07T00:58:55.153+05:00  INFO 1221880 --- [Lavalink] [main] lavalink.server.Launcher                 : Started Launcher in 6.138 seconds (process running for 7.726)
2026-08-07T00:58:55.427+05:00  INFO 1221880 --- [Lavalink] [main] lavalink.server.Launcher                 : 

[32m       .  [31m _                  _ _       _    [32m__ _ _
[32m      /\\ [31m| | __ ___   ____ _| (_)_ __ | | __[32m\ \ \ \
[32m     ( ( )[31m| |/ _` \ \ / / _` | | | '_ \| |/ /[32m \ \ \ \
[32m      \\/ [31m| | (_| |\ V / (_| | | | | | |   < [32m  ) ) ) )
[32m       '  [31m|_|\__,_| \_/ \__,_|_|_|_| |_|_|\_\[32m / / / /
[0m    =========================================[32m/_/_/_/[0m

	Version:        4.2.2
	Build time:     06.03.2026 23:24:16 UTC
	Branch          HEAD
	Commit:         e8503fd
	Commit time:    06.03.2026 23:21:15 UTC
	JVM:            26.0.2
	Lavaplayer      2.2.6

2026-08-07T00:58:55.503+05:00  INFO 1221880 --- [Lavalink] [main] lavalink.server.Launcher                 : No active profile set, falling back to 1 default profile: "default"
2026-08-07T00:58:57.406+05:00  WARN 1221880 --- [Lavalink] [main] io.undertow.websockets.jsr               : UT026010: Buffer pool was not set on WebSocketDeploymentInfo, the default pool will be used
2026-08-07T00:58:57.468+05:00  INFO 1221880 --- [Lavalink] [main] io.undertow.servlet                      : Initializing Spring embedded WebApplicationContext
2026-08-07T00:58:57.468+05:00  INFO 1221880 --- [Lavalink] [main] w.s.c.ServletWebServerApplicationContext : Root WebApplicationContext: initialization completed in 1919 ms
2026-08-07T00:58:57.689+05:00  WARN 1221880 --- [Lavalink] [main] l.server.config.SentryConfiguration      : Turning off sentry
2026-08-07T00:58:58.007+05:00  INFO 1221880 --- [Lavalink] [main] c.s.d.l.tools.GarbageCollectionMonitor   : GC monitoring enabled, reporting results every 2 minutes.
2026-08-07T00:59:00.030+05:00  INFO 1221880 --- [Lavalink] [main] l.server.config.KoeConfiguration         : OS: LINUX, Arch: X86_64
2026-08-07T00:59:00.031+05:00  INFO 1221880 --- [Lavalink] [main] l.server.config.KoeConfiguration         : Enabling JDA-NAS
2026-08-07T00:59:00.038+05:00  INFO 1221880 --- [Lavalink] [main] c.s.l.c.natives.NativeLibraryLoader      : Native library udpqueue: loading with filter null
2026-08-07T00:59:00.050+05:00  INFO 1221880 --- [Lavalink] [main] c.s.l.c.natives.NativeLibraryLoader      : Native library udpqueue: successfully loaded.
2026-08-07T00:59:00.710+05:00  INFO 1221880 --- [Lavalink] [main] io.undertow                              : starting server: Undertow - 2.3.13.Final
2026-08-07T00:59:00.742+05:00  INFO 1221880 --- [Lavalink] [main] org.xnio                                 : XNIO version 3.8.8.Final
2026-08-07T00:59:00.779+05:00  INFO 1221880 --- [Lavalink] [main] org.xnio.nio                             : XNIO NIO Implementation Version 3.8.8.Final
2026-08-07T00:59:01.077+05:00  INFO 1221880 --- [Lavalink] [main] org.jboss.threads                        : JBoss Threads version 3.5.0.Final
2026-08-07T00:59:01.201+05:00  INFO 1221880 --- [Lavalink] [main] o.s.b.w.e.undertow.UndertowWebServer     : Undertow started on port 2333 (http) with context path '/'
2026-08-07T00:59:01.377+05:00  INFO 1221880 --- [Lavalink] [main] lavalink.server.Launcher                 : Started Launcher in 6.192 seconds (process running for 13.95)
2026-08-07T00:59:01.380+05:00  INFO 1221880 --- [Lavalink] [main] lavalink.server.Launcher                 : Lavalink is ready to accept connections.
2026-08-07T01:00:12.961+05:00  INFO 1221880 --- [Lavalink] [SpringApplicationShutdownHook] io.undertow                              : stopping server: Undertow - 2.3.13.Final
2026-08-07T01:00:12.994+05:00  INFO 1221880 --- [Lavalink] [SpringApplicationShutdownHook] c.s.d.l.tools.GarbageCollectionMonitor   : GC monitoring disabled.
2026-08-07T01:00:41.520+05:00  INFO 1222737 --- [Lavalink] [main] lavalink.server.Launcher                 : Starting Launcher v4.2.2 using Java 26.0.2 with PID 1222737 (/home/lucifer/lavalink/Lavalink.jar started by lucifer in /home/lucifer/lavalink)
2026-08-07T01:00:41.537+05:00  INFO 1222737 --- [Lavalink] [main] lavalink.server.Launcher                 : No active profile set, falling back to 1 default profile: "default"
2026-08-07T01:00:43.393+05:00  INFO 1222737 --- [Lavalink] [main] o.s.cloud.context.scope.GenericScope     : BeanFactory id=3d6bf653-92ea-3fde-943a-10b9f8cd696e
2026-08-07T01:00:45.106+05:00  INFO 1222737 --- [Lavalink] [main] lavalink.server.Launcher                 : Started Launcher in 5.536 seconds (process running for 6.944)
2026-08-07T01:00:45.347+05:00  INFO 1222737 --- [Lavalink] [main] lavalink.server.Launcher                 : 

[32m       .  [31m _                  _ _       _    [32m__ _ _
[32m      /\\ [31m| | __ ___   ____ _| (_)_ __ | | __[32m\ \ \ \
[32m     ( ( )[31m| |/ _` \ \ / / _` | | | '_ \| |/ /[32m \ \ \ \
[32m      \\/ [31m| | (_| |\ V / (_| | | | | | |   < [32m  ) ) ) )
[32m       '  [31m|_|\__,_| \_/ \__,_|_|_|_| |_|_|\_\[32m / / / /
[0m    =========================================[32m/_/_/_/[0m

	Version:        4.2.2
	Build time:     06.03.2026 23:24:16 UTC
	Branch          HEAD
	Commit:         e8503fd
	Commit time:    06.03.2026 23:21:15 UTC
	JVM:            26.0.2
	Lavaplayer      2.2.6

2026-08-07T01:00:45.394+05:00  INFO 1222737 --- [Lavalink] [main] lavalink.server.Launcher                 : No active profile set, falling back to 1 default profile: "default"
2026-08-07T01:00:47.201+05:00  WARN 1222737 --- [Lavalink] [main] io.undertow.websockets.jsr               : UT026010: Buffer pool was not set on WebSocketDeploymentInfo, the default pool will be used
2026-08-07T01:00:47.276+05:00  INFO 1222737 --- [Lavalink] [main] io.undertow.servlet                      : Initializing Spring embedded WebApplicationContext
2026-08-07T01:00:47.277+05:00  INFO 1222737 --- [Lavalink] [main] w.s.c.ServletWebServerApplicationContext : Root WebApplicationContext: initialization completed in 1868 ms
2026-08-07T01:00:47.439+05:00  WARN 1222737 --- [Lavalink] [main] l.server.config.SentryConfiguration      : Turning off sentry
2026-08-07T01:00:47.720+05:00  INFO 1222737 --- [Lavalink] [main] c.s.d.l.tools.GarbageCollectionMonitor   : GC monitoring enabled, reporting results every 2 minutes.
2026-08-07T01:00:49.973+05:00  INFO 1222737 --- [Lavalink] [main] l.server.config.KoeConfiguration         : OS: LINUX, Arch: X86_64
2026-08-07T01:00:49.973+05:00  INFO 1222737 --- [Lavalink] [main] l.server.config.KoeConfiguration         : Enabling JDA-NAS
2026-08-07T01:00:49.985+05:00  INFO 1222737 --- [Lavalink] [main] c.s.l.c.natives.NativeLibraryLoader      : Native library udpqueue: loading with filter null
2026-08-07T01:00:49.998+05:00  INFO 1222737 --- [Lavalink] [main] c.s.l.c.natives.NativeLibraryLoader      : Native library udpqueue: successfully loaded.
2026-08-07T01:00:50.940+05:00  INFO 1222737 --- [Lavalink] [main] io.undertow                              : starting server: Undertow - 2.3.13.Final
2026-08-07T01:00:50.974+05:00  INFO 1222737 --- [Lavalink] [main] org.xnio                                 : XNIO version 3.8.8.Final
2026-08-07T01:00:51.014+05:00  INFO 1222737 --- [Lavalink] [main] org.xnio.nio                             : XNIO NIO Implementation Version 3.8.8.Final
2026-08-07T01:00:51.322+05:00  INFO 1222737 --- [Lavalink] [main] org.jboss.threads                        : JBoss Threads version 3.5.0.Final
2026-08-07T01:00:51.430+05:00  INFO 1222737 --- [Lavalink] [main] o.s.b.w.e.undertow.UndertowWebServer     : Undertow started on port 2333 (http) with context path '/'
2026-08-07T01:00:51.611+05:00  INFO 1222737 --- [Lavalink] [main] lavalink.server.Launcher                 : Started Launcher in 6.479 seconds (process running for 13.449)
2026-08-07T01:00:51.613+05:00  INFO 1222737 --- [Lavalink] [main] lavalink.server.Launcher                 : Lavalink is ready to accept connections.
2026-08-07T01:04:38.754+05:00  INFO 1222737 --- [Lavalink] [SpringApplicationShutdownHook] io.undertow                              : stopping server: Undertow - 2.3.13.Final
2026-08-07T01:04:38.809+05:00  INFO 1222737 --- [Lavalink] [SpringApplicationShutdownHook] c.s.d.l.tools.GarbageCollectionMonitor   : GC monitoring disabled.
2026-08-07T01:06:13.302+05:00  INFO 1225656 --- [Lavalink] [main] lavalink.server.Launcher                 : Starting Launcher v4.2.2 using Java 26.0.2 with PID 1225656 (/home/lucifer/lavalink/Lavalink.jar started by lucifer in /home/lucifer/lavalink)
2026-08-07T01:06:13.318+05:00  INFO 1225656 --- [Lavalink] [main] lavalink.server.Launcher                 : No active profile set, falling back to 1 default profile: "default"
2026-08-07T01:06:15.112+05:00  INFO 1225656 --- [Lavalink] [main] o.s.cloud.context.scope.GenericScope     : BeanFactory id=3d6bf653-92ea-3fde-943a-10b9f8cd696e
2026-08-07T01:06:16.628+05:00  INFO 1225656 --- [Lavalink] [main] lavalink.server.Launcher                 : Started Launcher in 5.012 seconds (process running for 6.526)
2026-08-07T01:06:16.852+05:00  INFO 1225656 --- [Lavalink] [main] lavalink.server.Launcher                 : 

[32m       .  [31m _                  _ _       _    [32m__ _ _
[32m      /\\ [31m| | __ ___   ____ _| (_)_ __ | | __[32m\ \ \ \
[32m     ( ( )[31m| |/ _` \ \ / / _` | | | '_ \| |/ /[32m \ \ \ \
[32m      \\/ [31m| | (_| |\ V / (_| | | | | | |   < [32m  ) ) ) )
[32m       '  [31m|_|\__,_| \_/ \__,_|_|_|_| |_|_|\_\[32m / / / /
[0m    =========================================[32m/_/_/_/[0m

	Version:        4.2.2
	Build time:     06.03.2026 23:24:16 UTC
	Branch          HEAD
	Commit:         e8503fd
	Commit time:    06.03.2026 23:21:15 UTC
	JVM:            26.0.2
	Lavaplayer      2.2.6

2026-08-07T01:06:16.889+05:00  INFO 1225656 --- [Lavalink] [main] lavalink.server.Launcher                 : No active profile set, falling back to 1 default profile: "default"
2026-08-07T01:06:18.564+05:00  WARN 1225656 --- [Lavalink] [main] io.undertow.websockets.jsr               : UT026010: Buffer pool was not set on WebSocketDeploymentInfo, the default pool will be used
2026-08-07T01:06:18.659+05:00  INFO 1225656 --- [Lavalink] [main] io.undertow.servlet                      : Initializing Spring embedded WebApplicationContext
2026-08-07T01:06:18.660+05:00  INFO 1225656 --- [Lavalink] [main] w.s.c.ServletWebServerApplicationContext : Root WebApplicationContext: initialization completed in 1749 ms
2026-08-07T01:06:18.822+05:00  WARN 1225656 --- [Lavalink] [main] l.server.config.SentryConfiguration      : Turning off sentry
2026-08-07T01:06:19.101+05:00  INFO 1225656 --- [Lavalink] [main] c.s.d.l.tools.GarbageCollectionMonitor   : GC monitoring enabled, reporting results every 2 minutes.
2026-08-07T01:06:21.428+05:00  INFO 1225656 --- [Lavalink] [main] l.server.config.KoeConfiguration         : OS: LINUX, Arch: X86_64
2026-08-07T01:06:21.428+05:00  INFO 1225656 --- [Lavalink] [main] l.server.config.KoeConfiguration         : Enabling JDA-NAS
2026-08-07T01:06:21.437+05:00  INFO 1225656 --- [Lavalink] [main] c.s.l.c.natives.NativeLibraryLoader      : Native library udpqueue: loading with filter null
2026-08-07T01:06:21.446+05:00  INFO 1225656 --- [Lavalink] [main] c.s.l.c.natives.NativeLibraryLoader      : Native library udpqueue: successfully loaded.
2026-08-07T01:06:22.063+05:00  INFO 1225656 --- [Lavalink] [main] io.undertow                              : starting server: Undertow - 2.3.13.Final
2026-08-07T01:06:22.094+05:00  INFO 1225656 --- [Lavalink] [main] org.xnio                                 : XNIO version 3.8.8.Final
2026-08-07T01:06:22.125+05:00  INFO 1225656 --- [Lavalink] [main] org.xnio.nio                             : XNIO NIO Implementation Version 3.8.8.Final
2026-08-07T01:06:22.389+05:00  INFO 1225656 --- [Lavalink] [main] org.jboss.threads                        : JBoss Threads version 3.5.0.Final
2026-08-07T01:06:22.507+05:00  INFO 1225656 --- [Lavalink] [main] o.s.b.w.e.undertow.UndertowWebServer     : Undertow started on port 2333 (http) with context path '/'
2026-08-07T01:06:22.675+05:00  INFO 1225656 --- [Lavalink] [main] lavalink.server.Launcher                 : Started Launcher in 6.01 seconds (process running for 12.573)
2026-08-07T01:06:22.678+05:00  INFO 1225656 --- [Lavalink] [main] lavalink.server.Launcher                 : Lavalink is ready to accept connections.
2026-08-07T01:06:59.557+05:00  INFO 1225656 --- [Lavalink] [SpringApplicationShutdownHook] io.undertow                              : stopping server: Undertow - 2.3.13.Final
2026-08-07T01:06:59.598+05:00  INFO 1225656 --- [Lavalink] [SpringApplicationShutdownHook] c.s.d.l.tools.GarbageCollectionMonitor   : GC monitoring disabled.
2026-08-07T01:07:22.960+05:00  INFO 1226356 --- [Lavalink] [main] lavalink.server.Launcher                 : Starting Launcher v4.2.2 using Java 26.0.2 with PID 1226356 (/home/lucifer/lavalink/Lavalink.jar started by lucifer in /home/lucifer/lavalink)
2026-08-07T01:07:22.975+05:00  INFO 1226356 --- [Lavalink] [main] lavalink.server.Launcher                 : No active profile set, falling back to 1 default profile: "default"
2026-08-07T01:07:24.996+05:00  INFO 1226356 --- [Lavalink] [main] o.s.cloud.context.scope.GenericScope     : BeanFactory id=3d6bf653-92ea-3fde-943a-10b9f8cd696e
2026-08-07T01:07:26.699+05:00  INFO 1226356 --- [Lavalink] [main] lavalink.server.Launcher                 : Started Launcher in 5.461 seconds (process running for 7.021)
2026-08-07T01:07:26.893+05:00  INFO 1226356 --- [Lavalink] [main] lavalink.server.Launcher                 : 

[32m       .  [31m _                  _ _       _    [32m__ _ _
[32m      /\\ [31m| | __ ___   ____ _| (_)_ __ | | __[32m\ \ \ \
[32m     ( ( )[31m| |/ _` \ \ / / _` | | | '_ \| |/ /[32m \ \ \ \
[32m      \\/ [31m| | (_| |\ V / (_| | | | | | |   < [32m  ) ) ) )
[32m       '  [31m|_|\__,_| \_/ \__,_|_|_|_| |_|_|\_\[32m / / / /
[0m    =========================================[32m/_/_/_/[0m

	Version:        4.2.2
	Build time:     06.03.2026 23:24:16 UTC
	Branch          HEAD
	Commit:         e8503fd
	Commit time:    06.03.2026 23:21:15 UTC
	JVM:            26.0.2
	Lavaplayer      2.2.6

2026-08-07T01:07:26.921+05:00  INFO 1226356 --- [Lavalink] [main] lavalink.server.Launcher                 : No active profile set, falling back to 1 default profile: "default"
2026-08-07T01:07:28.630+05:00  WARN 1226356 --- [Lavalink] [main] io.undertow.websockets.jsr               : UT026010: Buffer pool was not set on WebSocketDeploymentInfo, the default pool will be used
2026-08-07T01:07:28.687+05:00  INFO 1226356 --- [Lavalink] [main] io.undertow.servlet                      : Initializing Spring embedded WebApplicationContext
2026-08-07T01:07:28.688+05:00  INFO 1226356 --- [Lavalink] [main] w.s.c.ServletWebServerApplicationContext : Root WebApplicationContext: initialization completed in 1759 ms
2026-08-07T01:07:28.835+05:00  WARN 1226356 --- [Lavalink] [main] l.server.config.SentryConfiguration      : Turning off sentry
2026-08-07T01:07:29.165+05:00  INFO 1226356 --- [Lavalink] [main] c.s.d.l.tools.GarbageCollectionMonitor   : GC monitoring enabled, reporting results every 2 minutes.
2026-08-07T01:07:31.510+05:00  INFO 1226356 --- [Lavalink] [main] l.server.config.KoeConfiguration         : OS: LINUX, Arch: X86_64
2026-08-07T01:07:31.511+05:00  INFO 1226356 --- [Lavalink] [main] l.server.config.KoeConfiguration         : Enabling JDA-NAS
2026-08-07T01:07:31.520+05:00  INFO 1226356 --- [Lavalink] [main] c.s.l.c.natives.NativeLibraryLoader      : Native library udpqueue: loading with filter null
2026-08-07T01:07:31.530+05:00  INFO 1226356 --- [Lavalink] [main] c.s.l.c.natives.NativeLibraryLoader      : Native library udpqueue: successfully loaded.
2026-08-07T01:07:32.243+05:00  INFO 1226356 --- [Lavalink] [main] io.undertow                              : starting server: Undertow - 2.3.13.Final
2026-08-07T01:07:32.278+05:00  INFO 1226356 --- [Lavalink] [main] org.xnio                                 : XNIO version 3.8.8.Final
2026-08-07T01:07:32.321+05:00  INFO 1226356 --- [Lavalink] [main] org.xnio.nio                             : XNIO NIO Implementation Version 3.8.8.Final
2026-08-07T01:07:32.668+05:00  INFO 1226356 --- [Lavalink] [main] org.jboss.threads                        : JBoss Threads version 3.5.0.Final
2026-08-07T01:07:32.818+05:00  INFO 1226356 --- [Lavalink] [main] o.s.b.w.e.undertow.UndertowWebServer     : Undertow started on port 2333 (http) with context path '/'
2026-08-07T01:07:32.971+05:00  INFO 1226356 --- [Lavalink] [main] lavalink.server.Launcher                 : Started Launcher in 6.253 seconds (process running for 13.294)
2026-08-07T01:07:32.974+05:00  INFO 1226356 --- [Lavalink] [main] lavalink.server.Launcher                 : Lavalink is ready to accept connections.
2026-08-07T01:13:57.660+05:00  INFO 1226356 --- [Lavalink] [SpringApplicationShutdownHook] io.undertow                              : stopping server: Undertow - 2.3.13.Final
2026-08-07T01:13:57.695+05:00  INFO 1226356 --- [Lavalink] [SpringApplicationShutdownHook] c.s.d.l.tools.GarbageCollectionMonitor   : GC monitoring disabled.
